// Jest Snapshot v1, https://goo.gl/fbAQLP

exports[`ProductImage show component 1`] = `
<img
  alt="image"
  className="productImg undefined"
  src="test2.png"
/>
`;

exports[`ProductImage show product img from context 1`] = `
<div
  className="productCard undefined"
>
  <img
    alt="Coffee"
    className="productImg undefined"
    src="/public/test.png"
  />
</div>
`;
